#-----------------------------------------------------------
# Vivado v2025.1 (64-bit)
# SW Build 6140274 on Thu May 22 00:12:29 MDT 2025
# IP Build 6138677 on Thu May 22 03:10:11 MDT 2025
# SharedData Build 6139179 on Tue May 20 17:58:58 MDT 2025
# Start of session at: Fri Feb 13 04:01:21 2026
# Process ID         : 6060
# Current directory  : C:/Users/HP/Spacewire
# Command line       : vivado.exe -gui_launcher_event rodinguilauncherevent7544 C:\Users\HP\Spacewire\Spacewire.xpr
# Log file           : C:/Users/HP/Spacewire/vivado.log
# Journal file       : C:/Users/HP/Spacewire\vivado.jou
# Running On         : DESKTOP-LSPH338
# Platform           : Windows Server 2016 or Windows 10
# Operating System   : 26200
# Processor Detail   : AMD Ryzen 7 7840HS w/ Radeon 780M Graphics     
# CPU Frequency      : 3793 MHz
# CPU Physical cores : 8
# CPU Logical cores  : 16
# Host memory        : 16415 MB
# Swap memory        : 12348 MB
# Total Virtual      : 28763 MB
# Available Virtual  : 10639 MB
#-----------------------------------------------------------
start_gui
open_project C:/Users/HP/Spacewire/Spacewire.xpr
update_compile_order -fileset sources_1
1
# Disabling source management mode.  This is to allow the top design properties to be set without GUI intervention.
set_property source_mgmt_mode None [current_project]
set_property top tb_ds_encoder [get_filesets sim_1]
set_property top_lib xil_defaultlib [get_filesets sim_1]
# Re-enabling previously disabled source management mode.
set_property source_mgmt_mode All [current_project]
update_compile_order -fileset sim_1
launch_simulation
source tb_ds_encoder.tcl
close [ open C:/Users/HP/Spacewire/Spacewire.srcs/sources_1/new/top_enc.v w ]
add_files C:/Users/HP/Spacewire/Spacewire.srcs/sources_1/new/top_enc.v
update_compile_order -fileset sources_1
set_property SOURCE_SET sources_1 [get_filesets sim_1]
close [ open C:/Users/HP/Spacewire/Spacewire.srcs/sim_1/new/top_enc_tb.v w ]
add_files -fileset sim_1 C:/Users/HP/Spacewire/Spacewire.srcs/sim_1/new/top_enc_tb.v
update_compile_order -fileset sim_1
# Disabling source management mode.  This is to allow the top design properties to be set without GUI intervention.
set_property source_mgmt_mode None [current_project]
set_property top top_enc [current_fileset]
# Re-enabling previously disabled source management mode.
set_property source_mgmt_mode All [current_project]
update_compile_order -fileset sources_1
# Disabling source management mode.  This is to allow the top design properties to be set without GUI intervention.
set_property source_mgmt_mode None [current_project]
set_property top tb_top_serial_ds [get_filesets sim_1]
set_property top_lib xil_defaultlib [get_filesets sim_1]
# Re-enabling previously disabled source management mode.
set_property source_mgmt_mode All [current_project]
update_compile_order -fileset sim_1
close_sim
